INIT
Why am I here?
Why am I here?
